<<<<<<< HEAD
2026-04-28 21:57:59 | Jen | Viewed Low Stock
2026-04-28 21:58:11 | Jen | Viewed Sales Report
2026-04-28 21:58:59 | Jen | Exited System
2026-04-28 22:05:57 | Jen | Viewed Sales Report
2026-04-28 22:16:10 | Jen | Exited System
2026-04-28 22:17:42 | Jen | Viewed Low Stock
2026-04-28 22:17:49 | Jen | Viewed Sales Report
2026-04-28 22:19:41 | Jen | Exited System
2026-04-28 22:26:25 | Jen | Viewed Low Stock
2026-04-28 22:26:29 | Jen | Viewed Sales Report
2026-04-28 22:26:37 | Jen | Searched Product
2026-04-28 22:29:31 | Jen | Searched Product
2026-04-28 22:30:35 | Jen | Exited System
2026-04-28 22:32:30 | Jen | Searched Product
2026-04-28 22:33:29 | Jen | Exited System
2026-04-28 22:36:35 | Jen | Viewed Sales Report
2026-04-28 22:36:42 | Jen | Searched Product
2026-04-28 22:38:13 | Jen | Searched Product
2026-04-28 22:38:29 | Jen | Checkout Started
2026-04-28 22:42:19 | Jen | Checkout Started
2026-04-28 22:43:37 | Jen | Backup System
2026-04-28 22:51:37 | Jen | Exited System
2026-04-28 22:56:58 | Solomon | Viewed Low Stock
2026-04-28 22:57:08 | Solomon | Viewed Sales Report
2026-04-28 22:57:25 | Solomon | Searched Product
2026-04-28 22:58:11 | Solomon | Checkout Started
2026-04-28 22:58:42 | Solomon | Searched Product
2026-04-28 22:59:18 | Solomon | Backup System Executed
2026-04-28 22:59:25 | Solomon | Viewed Logs
2026-04-28 23:00:50 | Solomon | Exited System
2026-04-28 23:03:35 | Jordy | Viewed Sales Report
2026-04-28 23:04:42 | Jordy | Viewed Sales Report
2026-04-28 23:04:57 | Jordy | Exited System
2026-04-29 20:14:39 | Solomon | Viewed Low Stock
2026-04-29 20:15:11 | Solomon | Viewed Sales Report
2026-04-29 20:16:29 | Solomon | Searched Product
2026-04-29 20:17:26 | Solomon | Checkout Started
2026-04-29 20:19:57 | Solomon | Searched Product
2026-04-29 20:22:09 | Solomon | Backup System Executed
2026-04-29 20:23:03 | Solomon | Backup System Executed
2026-04-29 20:23:50 | Solomon | Viewed Logs
2026-04-29 20:38:38 | Solomon | Exited System
=======
2026-05-02 05:43:36 | Jen | Searched Product
2026-05-02 05:45:30 | Jen | Checkout Started
2026-05-02 05:47:03 | Jen | Viewed Sales Report
2026-05-02 05:47:31 | Jen | Checkout Started
2026-05-02 05:48:16 | Jen | Viewed Sales Report
2026-05-02 05:49:09 | Jen | Viewed Low Stock
2026-05-02 05:49:29 | Jen | Checkout Started
2026-05-02 05:51:06 | Jen | Checkout Started
2026-05-02 05:51:43 | Jen | Viewed Low Stock
2026-05-02 05:52:16 | Jen | Backup System Executed
2026-05-02 05:52:37 | Jen | Viewed Logs
2026-05-02 05:54:12 | Jen | Exited System
>>>>>>> c23277eb715cb03baeed12219f2ba72113338f46
2026-05-04 18:08:47 | Jordy | Exited System
2026-05-04 18:09:28 | Jordy | Viewed Low Stock
2026-05-04 18:09:45 | Jordy | Viewed Sales Report
2026-05-04 18:10:02 | Jordy | Searched Product
2026-05-04 18:10:33 | Jordy | Searched Product
2026-05-04 18:10:56 | Jordy | Checkout Started
2026-05-04 18:11:24 | Jordy | Backup System Executed
2026-05-04 18:11:31 | Jordy | Viewed Logs
2026-05-05 16:10:53 | Jordy | Viewed Logs
2026-05-05 16:25:36 | Jordy | Exited System
2026-05-05 16:27:38 | Jordy | Viewed Low Stock
2026-05-05 16:27:51 | Jordy | Viewed Sales Report
2026-05-05 16:27:59 | Jordy | Searched Product
2026-05-05 16:28:58 | Jordy | Viewed Low Stock
2026-05-05 16:29:01 | Jordy | Viewed Sales Report
2026-05-05 16:34:49 | Jordy | Backup System Executed
2026-05-05 16:34:51 | Jordy | Exited System
2026-05-05 16:37:24 | Jordy | Searched Product
2026-05-05 16:40:14 | Jordy | Exited System
2026-05-05 16:47:13 | Jordy | Searched Product
2026-05-05 16:49:13 | Jordy | Searched Product
2026-05-05 16:49:26 | Jordy | Exited System
2026-05-05 16:49:37 | Jordy | Searched Product
2026-05-05 16:53:11 | Jordy | Exited System
2026-05-05 16:53:43 | Joy | Searched Product
2026-05-05 16:57:57 | Joy | Viewed Low Stock
2026-05-05 16:58:01 | Joy | Viewed Sales Report
2026-05-05 16:59:17 | Joy | Viewed Sales Report
2026-05-05 17:02:04 | Joy | Exited System
2026-05-05 17:02:12 | Jordy | Searched Product
2026-05-05 17:02:27 | Jordy | Viewed Sales Report
2026-05-05 17:03:23 | Jordy | Searched Product
2026-05-05 17:03:34 | Jordy | Checkout Started
2026-05-05 17:04:06 | Jordy | Backup System Executed
2026-05-05 17:04:15 | Jordy | Viewed Logs
2026-05-05 17:06:19 | Jordy | Exited System
2026-05-05 17:07:30 | Jordy | Viewed Sales Report
2026-05-05 17:07:41 | Jordy | Checkout Started
2026-05-05 17:08:06 | Jordy | Viewed Logs
2026-05-05 17:14:49 | Jordy | Checkout Started
2026-05-05 17:15:16 | Jordy | Viewed Logs
2026-05-05 17:23:07 | Jordy | Exited System
2026-05-05 17:23:19 | Jordy | Viewed Sales Report
2026-05-05 17:23:33 | Jordy | Viewed Logs
2026-05-05 17:28:20 | Jordy | Exited System
2026-05-05 17:28:29 | Jordy | Viewed Logs
2026-05-05 17:28:46 | Jordy | Checkout Started
2026-05-05 17:29:12 | Jordy | Viewed Logs
2026-05-05 17:30:23 | Jordy | Viewed Low Stock
2026-05-05 17:30:34 | Jordy | Viewed Sales Report
2026-05-05 17:30:55 | Jordy | Searched Product
2026-05-05 17:31:13 | Jordy | Backup System Executed
